2026-08-25T16:43:01.977Z === run start === MAX_PER_PARSER=unlimited
2026-08-25T16:43:02.121Z WARN robots.txt for api.github.com returned 403 — no rules, proceeding
2026-08-25T16:43:02.289Z WARN robots.txt for raw.githubusercontent.com returned 404 — no rules, proceeding
2026-08-25T16:43:02.365Z slicerprofiles: 65 vendor dirs, 7643 filament files, 1719 distinct filaments
2026-08-25T16:43:02.369Z slicerprofiles: 1719 listed, 254 already saved, 1465 pending
2026-08-25T16:43:02.375Z slicerprofiles ok ABS (nozzle 270°C / bed 90°C) https://raw.githubusercontent.com/SoftFever/OrcaSlicer/main/resources/profiles/Afinia/filament/Afinia%20ABS@HS.json
2026-08-25T16:43:02.382Z slicerprofiles ok PLA (nozzle 190°C / bed 60°C) https://raw.githubusercontent.com/SoftFever/OrcaSlicer/main/resources/profiles/Afinia/filament/Afinia%20Value%20PLA@HS.json
2026-08-25T16:43:03.795Z WARN GET https://raw.githubusercontent.com/SoftFever/OrcaSlicer/main/resources/profiles/Anycubic/filament/Polymaker/Fiberon%20PA6-CF20%20@base.json -> 404
2026-08-25T16:43:05.293Z WARN GET https://raw.githubusercontent.com/SoftFever/OrcaSlicer/main/resources/profiles/Anycubic/filament/Generic%20PETG%20@base.json -> 404
2026-08-25T16:43:05.305Z slicerprofiles ok PLA (nozzle 205°C / bed 65°C) https://raw.githubusercontent.com/SoftFever/OrcaSlicer/main/resources/profiles/Anycubic/filament/Anycubic%20PLA+%20@Anycubic%20Kobra%203%20Max%200.4%20nozzle.json
2026-08-25T16:43:06.799Z WARN GET https://raw.githubusercontent.com/SoftFever/OrcaSlicer/main/resources/profiles/Anycubic/filament/Polymaker/Panchroma%20PLA%20@base.json -> 404
2026-08-25T16:43:08.286Z WARN GET https://raw.githubusercontent.com/SoftFever/OrcaSlicer/main/resources/profiles/Anycubic/filament/Polymaker/Polymaker%20PLA%20Pro%20@Base.json -> 404
2026-08-25T16:43:08.292Z slicerprofiles ok TPU (nozzle 205°C / bed 60°C) https://raw.githubusercontent.com/SoftFever/OrcaSlicer/main/resources/profiles/Anycubic/filament/Anycubic%20TPU%20for%20ACE%20@Anycubic%20Kobra%20X%200.4%20nozzle.json
2026-08-25T16:43:09.790Z WARN GET https://raw.githubusercontent.com/SoftFever/OrcaSlicer/main/resources/profiles/Anycubic/filament/Generic%20ABS%20@base.json -> 404
2026-08-25T16:43:11.296Z WARN GET https://raw.githubusercontent.com/SoftFever/OrcaSlicer/main/resources/profiles/Anycubic/filament/Generic%20TPU%20@base.json -> 404
2026-08-25T16:43:11.299Z slicerprofiles ok PLA (nozzle 210°C / bed 60°C) https://raw.githubusercontent.com/SoftFever/OrcaSlicer/main/resources/profiles/Artillery/filament/Artillery%20PLA%20Basic.json
2026-08-25T16:43:11.312Z slicerprofiles ok PETG (nozzle 250°C / bed 70°C) https://raw.githubusercontent.com/SoftFever/OrcaSlicer/main/resources/profiles/Artillery/filament/Artillery%20PETG%20Basic%20@Artillery%20M1%20Pro%200.4%20nozzle.json
2026-08-25T16:43:12.808Z WARN GET https://raw.githubusercontent.com/SoftFever/OrcaSlicer/main/resources/profiles/BBL/filament/COEX/COEX%20PCTG%20PRIME%20@base.json -> 404
2026-08-25T16:43:14.294Z WARN GET https://raw.githubusercontent.com/SoftFever/OrcaSlicer/main/resources/profiles/BBL/filament/COEX/COEX%20PETG%20@base.json -> 404
2026-08-25T16:43:15.786Z WARN GET https://raw.githubusercontent.com/SoftFever/OrcaSlicer/main/resources/profiles/BBL/filament/COEX/COEX%20PLA%20@base.json -> 404
2026-08-25T16:43:15.836Z slicerprofiles ok PETG (nozzle 255°C / bed 70°C) https://raw.githubusercontent.com/SoftFever/OrcaSlicer/main/resources/profiles/BBL/filament/BETA/BETA%20PETG%20Fluorescence%20@base.json
2026-08-25T16:43:15.848Z slicerprofiles ok PETG (nozzle 255°C / bed 70°C) https://raw.githubusercontent.com/SoftFever/OrcaSlicer/main/resources/profiles/BBL/filament/Polymaker/PolyLite%20PETG%20@base.json
2026-08-25T16:43:15.854Z slicerprofiles ok PLA (nozzle 220°C / bed 55°C) https://raw.githubusercontent.com/SoftFever/OrcaSlicer/main/resources/profiles/BBL/filament/BETA/BETA%20PLA%20Chameleon%20@base.json
2026-08-25T16:43:15.870Z slicerprofiles ok PLA (nozzle 220°C / bed 55°C) https://raw.githubusercontent.com/SoftFever/OrcaSlicer/main/resources/profiles/BBL/filament/Bambu%20PLA%20Dynamic%20@base.json
2026-08-25T16:43:15.881Z slicerprofiles ok PLA (nozzle 220°C / bed 55°C) https://raw.githubusercontent.com/SoftFever/OrcaSlicer/main/resources/profiles/BBL/filament/Overture/Overture%20PLA%20Pro%20@base.json
2026-08-25T16:43:15.883Z slicerprofiles ok PLA (nozzle 220°C / bed 55°C) https://raw.githubusercontent.com/SoftFever/OrcaSlicer/main/resources/profiles/BBL/filament/Polymaker/Panchroma%20PLA%20Galaxy%20@base.json
2026-08-25T16:43:15.884Z slicerprofiles ok PLA Metallic (nozzle 220°C / bed 55°C) https://raw.githubusercontent.com/SoftFever/OrcaSlicer/main/resources/profiles/BBL/filament/Polymaker/Panchroma%20PLA%20Metallic%20@base.json
2026-08-25T16:43:15.891Z slicerprofiles ok PLA Glow (nozzle 220°C / bed 60°C) https://raw.githubusercontent.com/SoftFever/OrcaSlicer/main/resources/profiles/BBL/filament/Polymaker/PolyLite%20PLA%20Glow%20@base.json
2026-08-25T16:43:15.892Z slicerprofiles ok PLA Luminous (nozzle 220°C / bed 60°C) https://raw.githubusercontent.com/SoftFever/OrcaSlicer/main/resources/profiles/BBL/filament/Polymaker/PolyLite%20PLA%20Luminous%20@base.json
2026-08-25T16:43:15.895Z slicerprofiles ok PLA Translucent (nozzle 220°C / bed 60°C) https://raw.githubusercontent.com/SoftFever/OrcaSlicer/main/resources/profiles/BBL/filament/Polymaker/PolyLite%20PLA%20Translucent%20@base.json
2026-08-25T16:43:15.899Z slicerprofiles ok PLA Marble (nozzle 220°C / bed 60°C) https://raw.githubusercontent.com/SoftFever/OrcaSlicer/main/resources/profiles/BBL/filament/Polymaker/PolyTerra%20PLA%20Marble%20@base.json
2026-08-25T16:43:15.901Z slicerprofiles ok PLA (nozzle 220°C / bed 55°C) https://raw.githubusercontent.com/SoftFever/OrcaSlicer/main/resources/profiles/BBL/filament/SUNLU/SUNLU%20PLA+%20@base.json
2026-08-25T16:43:15.914Z slicerprofiles ok ABS (nozzle 270°C / bed 100°C) https://raw.githubusercontent.com/SoftFever/OrcaSlicer/main/resources/profiles/BBL/filament/P1P/Bambu%20ABS%20@BBL%20P1P.json
2026-08-25T16:43:15.917Z slicerprofiles ok ABS (nozzle 270°C / bed 90°C) https://raw.githubusercontent.com/SoftFever/OrcaSlicer/main/resources/profiles/BBL/filament/PolyLite%20ABS%20@BBL%20H2DP.json
2026-08-25T16:43:15.920Z slicerprofiles ok ASA (nozzle 260°C / bed 100°C) https://raw.githubusercontent.com/SoftFever/OrcaSlicer/main/resources/profiles/BBL/filament/PolyLite%20ASA%20@BBL%20H2DP.json
2026-08-25T16:43:15.923Z slicerprofiles ok PA-CF (nozzle 290°C / bed 100°C) https://raw.githubusercontent.com/SoftFever/OrcaSlicer/main/resources/profiles/BBL/filament/P1P/Bambu%20PA-CF%20@BBL%20P1P.json
2026-08-25T16:43:15.925Z slicerprofiles ok PA-CF CF (nozzle 290°C / bed 100°C) https://raw.githubusercontent.com/SoftFever/OrcaSlicer/main/resources/profiles/BBL/filament/P1P/Bambu%20PAHT-CF%20@BBL%20P1P.json
2026-08-25T16:43:15.926Z slicerprofiles ok Support PA PET (nozzle 280°C / bed 100°C) https://raw.githubusercontent.com/SoftFever/OrcaSlicer/main/resources/profiles/BBL/filament/P1P/Bambu%20Support%20For%20PA%20PET%20@BBL%20P1P.json
2026-08-25T16:43:15.928Z slicerprofiles ok Nylon Support (nozzle 280°C / bed 100°C) https://raw.githubusercontent.com/SoftFever/OrcaSlicer/main/resources/profiles/BBL/filament/P1P/Bambu%20Support%20G%20@BBL%20P1P.json
2026-08-25T16:43:15.931Z slicerprofiles ok PA (nozzle 265°C / bed 100°C) https://raw.githubusercontent.com/SoftFever/OrcaSlicer/main/resources/profiles/BBL/filament/addnorth/addnorth%20PA%20Adura%20FDA.json
2026-08-25T16:43:15.939Z slicerprofiles ok PC (nozzle 280°C / bed 100°C) https://raw.githubusercontent.com/SoftFever/OrcaSlicer/main/resources/profiles/BBL/filament/P1P/Bambu%20PC%20@BBL%20P1P.json
2026-08-25T16:43:15.945Z slicerprofiles ok PET-CF (nozzle 270°C / bed 100°C) https://raw.githubusercontent.com/SoftFever/OrcaSlicer/main/resources/profiles/BBL/filament/P1P/Bambu%20PET-CF%20@BBL%20P1P.json
2026-08-25T16:43:15.949Z slicerprofiles ok PETG-CF (nozzle 255°C / bed 70°C) https://raw.githubusercontent.com/SoftFever/OrcaSlicer/main/resources/profiles/BBL/filament/P1P/Bambu%20PETG-CF%20@BBL%20P1P.json
2026-08-25T16:43:15.954Z slicerprofiles ok PETG (nozzle 260°C / bed 80°C) https://raw.githubusercontent.com/SoftFever/OrcaSlicer/main/resources/profiles/BBL/filament/addnorth/addnorth%20PETG%20Economy.json
2026-08-25T16:43:15.958Z slicerprofiles ok PETG Matte (nozzle 260°C / bed 80°C) https://raw.githubusercontent.com/SoftFever/OrcaSlicer/main/resources/profiles/BBL/filament/addnorth/addnorth%20PETG%20rPETG%20Matte.json
2026-08-25T16:43:15.970Z slicerprofiles ok PLA Aero (nozzle 220°C / bed 65°C) https://raw.githubusercontent.com/SoftFever/OrcaSlicer/main/resources/profiles/BBL/filament/P1P/Bambu%20PLA%20Aero%20@BBL%20P1P.json
2026-08-25T16:43:15.974Z slicerprofiles ok PLA Marble (nozzle 220°C / bed 65°C) https://raw.githubusercontent.com/SoftFever/OrcaSlicer/main/resources/profiles/BBL/filament/P1P/Bambu%20PLA%20Marble%20@BBL%20P1P.json
2026-08-25T16:43:15.976Z slicerprofiles ok PLA Matte (nozzle 220°C / bed 65°C) https://raw.githubusercontent.com/SoftFever/OrcaSlicer/main/resources/profiles/BBL/filament/P1P/Bambu%20PLA%20Matte%20@BBL%20P1P.json
2026-08-25T16:43:15.977Z slicerprofiles ok PLA Metal (nozzle 220°C / bed 65°C) https://raw.githubusercontent.com/SoftFever/OrcaSlicer/main/resources/profiles/BBL/filament/P1P/Bambu%20PLA%20Metal%20@BBL%20P1P.json
2026-08-25T16:43:15.979Z slicerprofiles ok PLA Silk (nozzle 230°C / bed 65°C) https://raw.githubusercontent.com/SoftFever/OrcaSlicer/main/resources/profiles/BBL/filament/P1P/Bambu%20PLA%20Silk%20@BBL%20P1P.json
2026-08-25T16:43:15.986Z slicerprofiles ok PLA Tough (nozzle 220°C / bed 65°C) https://raw.githubusercontent.com/SoftFever/OrcaSlicer/main/resources/profiles/BBL/filament/P1P/Bambu%20PLA%20Tough%20@BBL%20P1P.json
2026-08-25T16:43:15.989Z slicerprofiles ok PLA-CF (nozzle 230°C / bed 65°C) https://raw.githubusercontent.com/SoftFever/OrcaSlicer/main/resources/profiles/BBL/filament/P1P/Bambu%20PLA-CF%20@BBL%20P1P.json
2026-08-25T16:43:15.990Z slicerprofiles ok Support PLA (nozzle 220°C / bed 65°C) https://raw.githubusercontent.com/SoftFever/OrcaSlicer/main/resources/profiles/BBL/filament/P1P/Bambu%20Support%20For%20PLA%20@BBL%20P1P.json
2026-08-25T16:43:15.992Z slicerprofiles ok PLA Support (nozzle 220°C / bed 65°C) https://raw.githubusercontent.com/SoftFever/OrcaSlicer/main/resources/profiles/BBL/filament/P1P/Bambu%20Support%20W%20@BBL%20P1P.json
2026-08-25T16:43:15.996Z slicerprofiles ok PLA (nozzle 240°C / bed 60°C) https://raw.githubusercontent.com/SoftFever/OrcaSlicer/main/resources/profiles/BBL/filament/addnorth/addnorth%20PLA%20Economy.json
2026-08-25T16:43:16.018Z slicerprofiles ok Matte PLA (nozzle 220°C / bed 55°C) https://raw.githubusercontent.com/SoftFever/OrcaSlicer/main/resources/profiles/BBL/filament/Overture%20Matte%20PLA%20@BBL%20H2D.json
2026-08-25T16:43:17.295Z WARN GET https://raw.githubusercontent.com/SoftFever/OrcaSlicer/main/resources/profiles/BBL/filament/PolyLite%20PLA%20@base.json -> 404
2026-08-25T16:43:18.790Z WARN GET https://raw.githubusercontent.com/SoftFever/OrcaSlicer/main/resources/profiles/BBL/filament/PolyTerra%20PLA%20@base.json -> 404
2026-08-25T16:43:18.795Z slicerprofiles ok PLA (nozzle 220°C / bed 55°C) https://raw.githubusercontent.com/SoftFever/OrcaSlicer/main/resources/profiles/BBL/filament/eSUN%20PLA+%20@BBL%20H2DP.json
2026-08-25T16:43:18.803Z slicerprofiles ok TPU 95A (nozzle 230°C / bed 45°C) https://raw.githubusercontent.com/SoftFever/OrcaSlicer/main/resources/profiles/BBL/filament/P1P/Bambu%20TPU%2095A%20@BBL%20P1P.json
2026-08-25T16:43:20.286Z WARN GET https://raw.githubusercontent.com/SoftFever/OrcaSlicer/main/resources/profiles/BBL/filament/AliZ/AliZ%20PA-CF%20@base.json -> 404
2026-08-25T16:43:21.810Z WARN GET https://raw.githubusercontent.com/SoftFever/OrcaSlicer/main/resources/profiles/BBL/filament/AliZ/AliZ%20PETG%20@base.json -> 404
2026-08-25T16:43:23.309Z WARN GET https://raw.githubusercontent.com/SoftFever/OrcaSlicer/main/resources/profiles/BBL/filament/AliZ/AliZ%20PETG-CF%20@base.json -> 404
2026-08-25T16:43:24.810Z WARN GET https://raw.githubusercontent.com/SoftFever/OrcaSlicer/main/resources/profiles/BBL/filament/AliZ/AliZ%20PETG-Metal%20@base.json -> 404
2026-08-25T16:43:26.289Z WARN GET https://raw.githubusercontent.com/SoftFever/OrcaSlicer/main/resources/profiles/BBL/filament/AliZ/AliZ%20PLA%20@base.json -> 404
2026-08-25T16:43:27.834Z WARN GET https://raw.githubusercontent.com/SoftFever/OrcaSlicer/main/resources/profiles/BBL/filament/COEX/COEX%20ABS%20@base.json -> 404
2026-08-25T16:43:29.314Z WARN GET https://raw.githubusercontent.com/SoftFever/OrcaSlicer/main/resources/profiles/BBL/filament/COEX/COEX%20ABS%20PRIME%20@base.json -> 404
2026-08-25T16:43:30.794Z WARN GET https://raw.githubusercontent.com/SoftFever/OrcaSlicer/main/resources/profiles/BBL/filament/COEX/COEX%20ASA%20PRIME%20@base.json -> 404
2026-08-25T16:43:32.300Z WARN GET https://raw.githubusercontent.com/SoftFever/OrcaSlicer/main/resources/profiles/BBL/filament/COEX/COEX%20NYLEX%20PA6-CF%20@base.json -> 404
2026-08-25T16:43:33.800Z WARN GET https://raw.githubusercontent.com/SoftFever/OrcaSlicer/main/resources/profiles/BBL/filament/COEX/COEX%20NYLEX%20UNFILLED%20@base.json -> 404
2026-08-25T16:43:35.298Z WARN GET https://raw.githubusercontent.com/SoftFever/OrcaSlicer/main/resources/profiles/BBL/filament/COEX/COEX%20PLA%20PRIME%20@base.json -> 404
2026-08-25T16:43:36.819Z WARN GET https://raw.githubusercontent.com/SoftFever/OrcaSlicer/main/resources/profiles/BBL/filament/COEX/COEX%20PLA+Silk%20@base.json -> 404
2026-08-25T16:43:38.297Z WARN GET https://raw.githubusercontent.com/SoftFever/OrcaSlicer/main/resources/profiles/BBL/filament/COEX/COEX%20TPE%2030D%20@base.json -> 404
2026-08-25T16:43:40.037Z WARN GET https://raw.githubusercontent.com/SoftFever/OrcaSlicer/main/resources/profiles/BBL/filament/COEX/COEX%20TPE%2040D%20@base.json -> 404
2026-08-25T16:43:41.547Z WARN GET https://raw.githubusercontent.com/SoftFever/OrcaSlicer/main/resources/profiles/BBL/filament/COEX/COEX%20TPE%2060D%20@base.json -> 404
2026-08-25T16:43:42.842Z WARN GET https://raw.githubusercontent.com/SoftFever/OrcaSlicer/main/resources/profiles/BBL/filament/COEX/COEX%20TPU%2060A%20@base.json -> 404
2026-08-25T16:43:44.302Z WARN GET https://raw.githubusercontent.com/SoftFever/OrcaSlicer/main/resources/profiles/BBL/filament/Overture/Overture%20ASA%20@base.json -> 404
2026-08-25T16:43:45.817Z WARN GET https://raw.githubusercontent.com/SoftFever/OrcaSlicer/main/resources/profiles/BBL/filament/Overture/Overture%20Air%20PLA%20@base.json -> 404
2026-08-25T16:43:47.312Z WARN GET https://raw.githubusercontent.com/SoftFever/OrcaSlicer/main/resources/profiles/BBL/filament/Overture/Overture%20Easy%20PLA%20@base.json -> 404
2026-08-25T16:43:49.037Z WARN GET https://raw.githubusercontent.com/SoftFever/OrcaSlicer/main/resources/profiles/BBL/filament/Overture/Overture%20Rock%20PLA%20@base.json -> 404
2026-08-25T16:43:50.305Z WARN GET https://raw.githubusercontent.com/SoftFever/OrcaSlicer/main/resources/profiles/BBL/filament/Overture/Overture%20Silk%20PLA%20@base.json -> 404
2026-08-25T16:43:51.803Z WARN GET https://raw.githubusercontent.com/SoftFever/OrcaSlicer/main/resources/profiles/BBL/filament/Overture/Overture%20Super%20PLA+%20@base.json -> 404
2026-08-25T16:43:53.316Z WARN GET https://raw.githubusercontent.com/SoftFever/OrcaSlicer/main/resources/profiles/BBL/filament/Overture/Overture%20TPU%20@base.json -> 404
2026-08-25T16:43:54.807Z WARN GET https://raw.githubusercontent.com/SoftFever/OrcaSlicer/main/resources/profiles/Chuanying/filament/fdm_filament_abs.json -> 404
2026-08-25T16:43:56.535Z WARN GET https://raw.githubusercontent.com/SoftFever/OrcaSlicer/main/resources/profiles/Chuanying/filament/base/fdm_filament_abs.json -> 404
2026-08-25T16:43:57.822Z WARN GET https://raw.githubusercontent.com/SoftFever/OrcaSlicer/main/resources/profiles/Chuanying/filament/fdm_filament_asa.json -> 404
2026-08-25T16:43:59.347Z WARN GET https://raw.githubusercontent.com/SoftFever/OrcaSlicer/main/resources/profiles/Chuanying/filament/base/fdm_filament_asa.json -> 404
2026-08-25T16:44:00.806Z WARN GET https://raw.githubusercontent.com/SoftFever/OrcaSlicer/main/resources/profiles/Chuanying/filament/fdm_filament_pla.json -> 404
2026-08-25T16:44:02.305Z WARN GET https://raw.githubusercontent.com/SoftFever/OrcaSlicer/main/resources/profiles/Chuanying/filament/base/fdm_filament_pla.json -> 404
2026-08-25T16:44:03.810Z WARN GET https://raw.githubusercontent.com/SoftFever/OrcaSlicer/main/resources/profiles/Chuanying/filament/fdm_filament_pet.json -> 404
2026-08-25T16:44:05.311Z WARN GET https://raw.githubusercontent.com/SoftFever/OrcaSlicer/main/resources/profiles/Chuanying/filament/base/fdm_filament_pet.json -> 404
2026-08-25T16:44:06.813Z WARN GET https://raw.githubusercontent.com/SoftFever/OrcaSlicer/main/resources/profiles/Chuanying/filament/fdm_filament_tpu.json -> 404
2026-08-25T16:44:08.308Z WARN GET https://raw.githubusercontent.com/SoftFever/OrcaSlicer/main/resources/profiles/Chuanying/filament/base/fdm_filament_tpu.json -> 404
2026-08-25T16:44:08.311Z slicerprofiles ok ABS (nozzle 240°C / bed 100°C) https://raw.githubusercontent.com/SoftFever/OrcaSlicer/main/resources/profiles/CoLiDo/filament/CoLiDo%20Generic%20ABS%20@CoLiDo%20DIY%204.0.json
2026-08-25T16:44:08.313Z slicerprofiles ok PETG (nozzle 210°C / bed 80°C) https://raw.githubusercontent.com/SoftFever/OrcaSlicer/main/resources/profiles/CoLiDo/filament/CoLiDo%20PETG%20@CoLiDo%20SR1.json
2026-08-25T16:44:08.318Z slicerprofiles ok PLA (nozzle 200°C / bed 60°C) https://raw.githubusercontent.com/SoftFever/OrcaSlicer/main/resources/profiles/CoLiDo/filament/CoLiDo%20PLA%20@CoLiDo%20SR1.json
2026-08-25T16:44:08.355Z slicerprofiles ok ABS (nozzle 260°C / bed 100°C) https://raw.githubusercontent.com/SoftFever/OrcaSlicer/main/resources/profiles/Creality/filament/CR-ABS%20@Ender-3%20V4-all.json
2026-08-25T16:44:08.357Z slicerprofiles ok PLA (nozzle 220°C / bed 60°C) https://raw.githubusercontent.com/SoftFever/OrcaSlicer/main/resources/profiles/Creality/filament/CR-PLA%20@Ender-3%20V4-all.json
2026-08-25T16:44:08.379Z slicerprofiles ok TPU (nozzle 220°C / bed 40°C) https://raw.githubusercontent.com/SoftFever/OrcaSlicer/main/resources/profiles/Creality/filament/HP-TPU%20@Ender-3%20V4-all.json
2026-08-25T16:44:08.382Z slicerprofiles ok PETG (nozzle 250°C / bed 80°C) https://raw.githubusercontent.com/SoftFever/OrcaSlicer/main/resources/profiles/Creality/filament/Hyper%20PETG%20@Ender-3%20V4-all.json
2026-08-25T16:44:08.387Z slicerprofiles ok PLA-CF (nozzle 220°C / bed 60°C) https://raw.githubusercontent.com/SoftFever/OrcaSlicer/main/resources/profiles/Creality/filament/Hyper%20PLA-CF%20@Ender-3%20V4-all.json
2026-08-25T16:44:08.389Z slicerprofiles ok PLA Matte (nozzle 210°C / bed 50°C) https://raw.githubusercontent.com/SoftFever/OrcaSlicer/main/resources/profiles/Creality/filament/Panchroma%20PLA%20Matte%20@K2%20Plus-all.json
2026-08-25T16:44:08.390Z slicerprofiles ok PLA Satin (nozzle 230°C / bed 50°C) https://raw.githubusercontent.com/SoftFever/OrcaSlicer/main/resources/profiles/Creality/filament/Panchroma%20PLA%20Satin%20@K2%20Plus-all.json
2026-08-25T16:44:08.395Z slicerprofiles ok PETG (nozzle 250°C / bed 70°C) https://raw.githubusercontent.com/SoftFever/OrcaSlicer/main/resources/profiles/Creality/filament/eSUN%20PETG+HS%20@K2%20Plus-all.json
2026-08-25T16:44:08.398Z slicerprofiles ok ABS (nozzle 230°C / bed 100°C) https://raw.githubusercontent.com/SoftFever/OrcaSlicer/main/resources/profiles/Cubicon/filament/Cubicon%20ABS-A100%20@base.json
2026-08-25T16:44:08.403Z slicerprofiles ok PLA (nozzle 210°C / bed 60°C) https://raw.githubusercontent.com/SoftFever/OrcaSlicer/main/resources/profiles/Cubicon/filament/Cubicon%20PLA+%20@base.json
2026-08-25T16:44:08.419Z slicerprofiles ok ASA (nozzle 260°C / bed 90°C) https://raw.githubusercontent.com/SoftFever/OrcaSlicer/main/resources/profiles/Elegoo/filament/ELEGOO_02_NOZZLE/Elegoo%20ASA%20@0.2%20nozzle.json
2026-08-25T16:44:08.420Z slicerprofiles ok PETG (nozzle 250°C / bed 70°C) https://raw.githubusercontent.com/SoftFever/OrcaSlicer/main/resources/profiles/Elegoo/filament/ELEGOO_02_NOZZLE/Elegoo%20PETG%20@0.2%20nozzle.json
2026-08-25T16:44:08.423Z slicerprofiles ok PLA (nozzle 220°C / bed 60°C) https://raw.githubusercontent.com/SoftFever/OrcaSlicer/main/resources/profiles/Elegoo/filament/ELEGOO_02_NOZZLE/Elegoo%20PLA%20@0.2%20nozzle.json
2026-08-25T16:44:08.430Z slicerprofiles ok ABS (nozzle 270°C / bed 90°C) https://raw.githubusercontent.com/SoftFever/OrcaSlicer/main/resources/profiles/Elegoo/filament/ELEGOO_02_NOZZLE/Elegoo%20ABS%20@0.2%20nozzle.json
2026-08-25T16:44:08.432Z slicerprofiles ok PC (nozzle 270°C / bed 110°C) https://raw.githubusercontent.com/SoftFever/OrcaSlicer/main/resources/profiles/Elegoo/filament/ELEGOO_02_NOZZLE/Elegoo%20PC%20@0.2%20nozzle.json
2026-08-25T16:44:08.439Z slicerprofiles ok PLA Silk (nozzle 230°C / bed 60°C) https://raw.githubusercontent.com/SoftFever/OrcaSlicer/main/resources/profiles/Elegoo/filament/ECC/Elegoo%20PLA%20Silk%20@ECC.json
2026-08-25T16:44:08.440Z slicerprofiles ok PLA Matte (nozzle 220°C / bed 60°C) https://raw.githubusercontent.com/SoftFever/OrcaSlicer/main/resources/profiles/Elegoo/filament/ECC/Elegoo%20PLA%20Matte%20@ECC.json
2026-08-25T16:44:08.452Z slicerprofiles ok PC-FR (nozzle 280°C / bed 110°C) https://raw.githubusercontent.com/SoftFever/OrcaSlicer/main/resources/profiles/Elegoo/filament/ECC/Elegoo%20PC-FR%20@ECC.json
2026-08-25T16:44:08.453Z slicerprofiles ok PETG Translucent (nozzle 255°C / bed 70°C) https://raw.githubusercontent.com/SoftFever/OrcaSlicer/main/resources/profiles/Elegoo/filament/ECC/Elegoo%20PETG%20Translucent%20@ECC.json
2026-08-25T16:44:08.457Z slicerprofiles ok TPU 95A (nozzle 230°C / bed 35°C) https://raw.githubusercontent.com/SoftFever/OrcaSlicer/main/resources/profiles/Elegoo/filament/ECC/Elegoo%20Rapid%20TPU%2095A%20@ECC.json
2026-08-25T16:44:08.474Z slicerprofiles ok PLA Marble (nozzle 220°C / bed 60°C) https://raw.githubusercontent.com/SoftFever/OrcaSlicer/main/resources/profiles/Elegoo/filament/EC/Elegoo%20PLA%20Marble%20@EC.json
2026-08-25T16:44:08.477Z slicerprofiles ok PLA Wood (nozzle 220°C / bed 60°C) https://raw.githubusercontent.com/SoftFever/OrcaSlicer/main/resources/profiles/Elegoo/filament/EC/Elegoo%20PLA%20Wood%20@EC.json
2026-08-25T16:44:08.478Z slicerprofiles ok Nylon CF (nozzle 290°C / bed 60°C) https://raw.githubusercontent.com/SoftFever/OrcaSlicer/main/resources/profiles/Elegoo/filament/EC/Elegoo%20PAHT-CF%20@EC.json
2026-08-25T16:44:08.481Z slicerprofiles ok PETG-CF (nozzle 250°C / bed 70°C) https://raw.githubusercontent.com/SoftFever/OrcaSlicer/main/resources/profiles/Elegoo/filament/EC/Elegoo%20PETG-CF%20@EC.json
2026-08-25T16:44:08.484Z slicerprofiles ok PETG-GF (nozzle 250°C / bed 70°C) https://raw.githubusercontent.com/SoftFever/OrcaSlicer/main/resources/profiles/Elegoo/filament/EC/Elegoo%20PETG-GF%20@EC.json
2026-08-25T16:44:08.502Z slicerprofiles ok PLA-CF (nozzle 220°C / bed 60°C) https://raw.githubusercontent.com/SoftFever/OrcaSlicer/main/resources/profiles/Elegoo/filament/ECC2/Elegoo%20PLA-CF%20@ECC2.json
2026-08-25T16:44:08.548Z slicerprofiles ok ASA-CF (nozzle 270°C / bed 90°C) https://raw.githubusercontent.com/SoftFever/OrcaSlicer/main/resources/profiles/Elegoo/filament/EC2/Elegoo%20ASA-CF%20@EC2.json
2026-08-25T16:44:08.550Z slicerprofiles ok PET-CF (nozzle 270°C / bed 70°C) https://raw.githubusercontent.com/SoftFever/OrcaSlicer/main/resources/profiles/Elegoo/filament/EC2/Elegoo%20PET-CF%20@EC2.json
2026-08-25T16:44:08.551Z slicerprofiles ok PETG HF (nozzle 240°C / bed 70°C) https://raw.githubusercontent.com/SoftFever/OrcaSlicer/main/resources/profiles/Elegoo/filament/EC2/Elegoo%20PETG%20HF%20@EC2.json
2026-08-25T16:44:08.554Z slicerprofiles ok PLA Glow (nozzle 220°C / bed 60°C) https://raw.githubusercontent.com/SoftFever/OrcaSlicer/main/resources/profiles/Elegoo/filament/EC2/Elegoo%20PLA%20Glow%20@EC2.json
2026-08-25T16:44:08.710Z slicerprofiles ok PLA (nozzle 220°C / bed 60°C) https://raw.githubusercontent.com/SoftFever/OrcaSlicer/main/resources/profiles/Eryone/filament/Eryone%20PLA.json
2026-08-25T16:44:08.756Z slicerprofiles ok PLA (nozzle 210°C / bed 50°C) https://raw.githubusercontent.com/SoftFever/OrcaSlicer/main/resources/profiles/Flashforge/filament/Flashforge/Flashforge%20PLA%20@FF%20AD3.json
2026-08-25T16:44:08.767Z slicerprofiles ok ASA-CF (nozzle 250°C / bed 100°C) https://raw.githubusercontent.com/SoftFever/OrcaSlicer/main/resources/profiles/Flashforge/filament/Flashforge%20ASA-CF.json
2026-08-25T16:44:08.785Z slicerprofiles ok PA-CF (nozzle 295°C / bed 75°C) https://raw.githubusercontent.com/SoftFever/OrcaSlicer/main/resources/profiles/Flashforge/filament/FusRock/FusRock%20Generic%20NexPA-CF25.json
2026-08-25T16:44:08.788Z slicerprofiles ok PA-CF CF (nozzle 295°C / bed 75°C) https://raw.githubusercontent.com/SoftFever/OrcaSlicer/main/resources/profiles/Flashforge/filament/FusRock/FusRock%20Generic%20PAHT-CF.json
2026-08-25T16:44:08.789Z slicerprofiles ok PET-CF (nozzle 290°C / bed 75°C) https://raw.githubusercontent.com/SoftFever/OrcaSlicer/main/resources/profiles/Flashforge/filament/FusRock/FusRock%20Generic%20PET-CF.json
2026-08-25T16:44:08.791Z slicerprofiles ok Other (nozzle 270°C / bed 75°C) https://raw.githubusercontent.com/SoftFever/OrcaSlicer/main/resources/profiles/Flashforge/filament/FusRock/FusRock%20Generic%20S-Multi.json
2026-08-25T16:44:08.814Z slicerprofiles ok Nylon (nozzle 260°C / bed 50°C) https://raw.githubusercontent.com/SoftFever/OrcaSlicer/main/resources/profiles/Flashforge/filament/Polymaker/Polymaker%20Generic%20CoPA.json
2026-08-25T16:44:08.819Z slicerprofiles ok PPS-CF (nozzle 305°C / bed 90°C) https://raw.githubusercontent.com/SoftFever/OrcaSlicer/main/resources/profiles/Flashforge/filament/Flashforge%20PPS-CF.json
2026-08-25T16:44:08.840Z slicerprofiles ok PPA-CF (nozzle 270°C / bed 90°C) https://raw.githubusercontent.com/SoftFever/OrcaSlicer/main/resources/profiles/Flashforge/filament/Flashforge%20PPA-CF.json
2026-08-25T16:44:08.842Z slicerprofiles ok PPA-GF (nozzle 270°C / bed 90°C) https://raw.githubusercontent.com/SoftFever/OrcaSlicer/main/resources/profiles/Flashforge/filament/Flashforge%20PPA-GF.json
2026-08-25T16:44:08.843Z slicerprofiles ok PA-GF GF (nozzle 295°C / bed 70°C) https://raw.githubusercontent.com/SoftFever/OrcaSlicer/main/resources/profiles/Flashforge/filament/FusRock/FusRock%20Generic%20PAHT-GF.json
2026-08-25T16:44:09.871Z slicerprofiles ok PA12-CF (nozzle 260°C / bed 90°C) https://raw.githubusercontent.com/SoftFever/OrcaSlicer/main/resources/profiles/Flashforge/filament/Flashforge%20PA12-CF.json
2026-08-25T16:44:11.364Z slicerprofiles ok PA6-CF (nozzle 245°C / bed 95°C) https://raw.githubusercontent.com/SoftFever/OrcaSlicer/main/resources/profiles/Flashforge/filament/Flashforge%20PA6-CF.json
2026-08-25T16:44:15.866Z slicerprofiles ok PET-GF (nozzle 290°C / bed 75°C) https://raw.githubusercontent.com/SoftFever/OrcaSlicer/main/resources/profiles/Flashforge/filament/FusRock/FusRock%20Generic%20PET-GF.json
2026-08-25T16:44:30.835Z WARN GET https://raw.githubusercontent.com/SoftFever/OrcaSlicer/main/resources/profiles/Flashforge/filament/Generic%20ABS%20@System.json -> 404
2026-08-25T16:44:32.336Z WARN GET https://raw.githubusercontent.com/SoftFever/OrcaSlicer/main/resources/profiles/Flashforge/filament/base/Generic%20ABS%20@System.json -> 404
2026-08-25T16:44:36.841Z WARN GET https://raw.githubusercontent.com/SoftFever/OrcaSlicer/main/resources/profiles/Flashforge/filament/Generic%20PLA%20@System.json -> 404
2026-08-25T16:44:38.353Z WARN GET https://raw.githubusercontent.com/SoftFever/OrcaSlicer/main/resources/profiles/Flashforge/filament/base/Generic%20PLA%20@System.json -> 404
2026-08-25T16:44:45.853Z WARN GET https://raw.githubusercontent.com/SoftFever/OrcaSlicer/main/resources/profiles/Flashforge/filament/Generic%20PVA%20@System.json -> 404
2026-08-25T16:44:47.347Z WARN GET https://raw.githubusercontent.com/SoftFever/OrcaSlicer/main/resources/profiles/Flashforge/filament/base/Generic%20PVA%20@System.json -> 404
2026-08-25T16:44:50.347Z WARN GET https://raw.githubusercontent.com/SoftFever/OrcaSlicer/main/resources/profiles/Flashforge/filament/Generic%20TPU%20@System.json -> 404
2026-08-25T16:44:51.851Z WARN GET https://raw.githubusercontent.com/SoftFever/OrcaSlicer/main/resources/profiles/Flashforge/filament/base/Generic%20TPU%20@System.json -> 404
2026-08-25T16:44:57.853Z WARN GET https://raw.githubusercontent.com/SoftFever/OrcaSlicer/main/resources/profiles/Flashforge/filament/Generic%20PETG-CF%20@System.json -> 404
2026-08-25T16:44:59.348Z WARN GET https://raw.githubusercontent.com/SoftFever/OrcaSlicer/main/resources/profiles/Flashforge/filament/base/Generic%20PETG-CF%20@System.json -> 404
2026-08-25T16:45:03.860Z WARN GET https://raw.githubusercontent.com/SoftFever/OrcaSlicer/main/resources/profiles/Flashforge/filament/Generic%20PA-CF%20@System.json -> 404
2026-08-25T16:45:05.347Z WARN GET https://raw.githubusercontent.com/SoftFever/OrcaSlicer/main/resources/profiles/Flashforge/filament/base/Generic%20PA-CF%20@System.json -> 404
2026-08-25T16:45:15.916Z slicerprofiles ok ABS (nozzle 250°C / bed 105°C) https://raw.githubusercontent.com/SoftFever/OrcaSlicer/main/resources/profiles/FlyingBear/filament/FlyingBear%20Generic%20ABS.json
2026-08-25T16:45:18.889Z slicerprofiles ok PA-CF (nozzle 260°C / bed 110°C) https://raw.githubusercontent.com/SoftFever/OrcaSlicer/main/resources/profiles/FlyingBear/filament/FlyingBear%20Generic%20PA-CF.json
2026-08-25T16:45:21.898Z slicerprofiles ok PC (nozzle 260°C / bed 110°C) https://raw.githubusercontent.com/SoftFever/OrcaSlicer/main/resources/profiles/FlyingBear/filament/FlyingBear%20Generic%20PC.json
2026-08-25T16:45:24.903Z slicerprofiles ok PETG (nozzle 245°C / bed 75°C) https://raw.githubusercontent.com/SoftFever/OrcaSlicer/main/resources/profiles/FlyingBear/filament/FlyingBear%20Generic%20PETG.json
2026-08-25T16:45:27.916Z slicerprofiles ok PLA (nozzle 220°C / bed 60°C) https://raw.githubusercontent.com/SoftFever/OrcaSlicer/main/resources/profiles/FlyingBear/filament/FlyingBear%20Generic%20PLA.json
2026-08-25T16:45:33.902Z slicerprofiles ok TPU (nozzle 230°C / bed 40°C) https://raw.githubusercontent.com/SoftFever/OrcaSlicer/main/resources/profiles/FlyingBear/filament/FlyingBear%20Generic%20TPU.json
2026-08-25T16:46:03.907Z slicerprofiles ok ABS (nozzle 260°C / bed 105°C) https://raw.githubusercontent.com/SoftFever/OrcaSlicer/main/resources/profiles/FlyingBear/filament/S1/Other%20ABS%20@S1.json
2026-08-25T16:46:09.906Z slicerprofiles ok PA-CF (nozzle 270°C / bed 110°C) https://raw.githubusercontent.com/SoftFever/OrcaSlicer/main/resources/profiles/FlyingBear/filament/S1/Other%20PA-CF%20@S1.json
2026-08-25T16:46:16.086Z slicerprofiles ok PC (nozzle 270°C / bed 110°C) https://raw.githubusercontent.com/SoftFever/OrcaSlicer/main/resources/profiles/FlyingBear/filament/S1/Other%20PC%20@S1.json
2026-08-25T16:46:22.000Z slicerprofiles ok PETG (nozzle 255°C / bed 75°C) https://raw.githubusercontent.com/SoftFever/OrcaSlicer/main/resources/profiles/FlyingBear/filament/S1/Other%20PETG%20@S1.json
2026-08-25T16:46:30.922Z slicerprofiles ok PLA (nozzle 220°C / bed 60°C) https://raw.githubusercontent.com/SoftFever/OrcaSlicer/main/resources/profiles/FlyingBear/filament/S1/Other%20PLA%20Hyper%20@S1.json
2026-08-25T16:46:39.967Z slicerprofiles ok TPU (nozzle 230°C / bed 40°C) https://raw.githubusercontent.com/SoftFever/OrcaSlicer/main/resources/profiles/FlyingBear/filament/S1/Other%20TPU%20@S1.json
2026-08-25T16:46:48.911Z slicerprofiles ok ABS (nozzle 250°C / bed 105°C) https://raw.githubusercontent.com/SoftFever/OrcaSlicer/main/resources/profiles/InfiMech/filament/InfiMech%20Generic%20ABS.json
2026-08-25T16:46:54.924Z slicerprofiles ok PA-CF (nozzle 260°C / bed 110°C) https://raw.githubusercontent.com/SoftFever/OrcaSlicer/main/resources/profiles/InfiMech/filament/InfiMech%20Generic%20PA-CF.json
2026-08-25T16:47:01.109Z slicerprofiles ok PC (nozzle 260°C / bed 110°C) https://raw.githubusercontent.com/SoftFever/OrcaSlicer/main/resources/profiles/InfiMech/filament/InfiMech%20Generic%20PC.json
2026-08-25T16:47:06.948Z slicerprofiles ok PETG (nozzle 245°C / bed 75°C) https://raw.githubusercontent.com/SoftFever/OrcaSlicer/main/resources/profiles/InfiMech/filament/InfiMech%20Generic%20PETG.json
2026-08-25T16:47:12.939Z slicerprofiles ok PLA (nozzle 220°C / bed 60°C) https://raw.githubusercontent.com/SoftFever/OrcaSlicer/main/resources/profiles/InfiMech/filament/InfiMech%20Generic%20PLA.json
2026-08-25T16:47:25.123Z slicerprofiles ok TPU (nozzle 230°C / bed 40°C) https://raw.githubusercontent.com/SoftFever/OrcaSlicer/main/resources/profiles/InfiMech/filament/InfiMech%20Generic%20TPU.json
2026-08-25T16:49:00.970Z slicerprofiles ok ABS (nozzle 260°C / bed 105°C) https://raw.githubusercontent.com/SoftFever/OrcaSlicer/main/resources/profiles/LH/filament/LHS%20ABS.json
2026-08-25T16:49:02.490Z slicerprofiles ok ASA (nozzle 260°C / bed 105°C) https://raw.githubusercontent.com/SoftFever/OrcaSlicer/main/resources/profiles/LH/filament/LHS%20ASA.json
2026-08-25T16:49:05.493Z slicerprofiles ok PC CF (nozzle 300°C / bed 105°C) https://raw.githubusercontent.com/SoftFever/OrcaSlicer/main/resources/profiles/LH/filament/LHS%20PC%20CF.json
2026-08-25T16:49:07.020Z slicerprofiles ok PCTG (nozzle 280°C / bed 90°C) https://raw.githubusercontent.com/SoftFever/OrcaSlicer/main/resources/profiles/LH/filament/LHS%20PCTG.json
2026-08-25T16:49:08.489Z slicerprofiles ok PETG (nozzle 260°C / bed 80°C) https://raw.githubusercontent.com/SoftFever/OrcaSlicer/main/resources/profiles/LH/filament/LHS%20PETG.json
2026-08-25T16:49:09.985Z slicerprofiles ok PLA (nozzle 235°C / bed 60°C) https://raw.githubusercontent.com/SoftFever/OrcaSlicer/main/resources/profiles/LH/filament/LHS%20PLA.json
2026-08-25T16:49:13.009Z slicerprofiles ok TPU (nozzle 245°C / bed 30°C) https://raw.githubusercontent.com/SoftFever/OrcaSlicer/main/resources/profiles/LH/filament/LHS%20TPU.json
2026-08-25T16:49:14.484Z slicerprofiles ok TPU 78A (nozzle 265°C / bed 25°C) https://raw.githubusercontent.com/SoftFever/OrcaSlicer/main/resources/profiles/LH/filament/LHS%20TPU%20Foamy%2078A.json
2026-08-25T16:49:17.451Z WARN GET https://raw.githubusercontent.com/SoftFever/OrcaSlicer/main/resources/profiles/Lulzbot/filament/Generic%20ABS%20@System.json -> 404
2026-08-25T16:49:18.959Z WARN GET https://raw.githubusercontent.com/SoftFever/OrcaSlicer/main/resources/profiles/Lulzbot/filament/base/Generic%20ABS%20@System.json -> 404
2026-08-25T16:49:21.955Z WARN GET https://raw.githubusercontent.com/SoftFever/OrcaSlicer/main/resources/profiles/Lulzbot/filament/Generic%20PETG%20@System.json -> 404
2026-08-25T16:49:23.474Z WARN GET https://raw.githubusercontent.com/SoftFever/OrcaSlicer/main/resources/profiles/Lulzbot/filament/base/Generic%20PETG%20@System.json -> 404
2026-08-25T16:49:26.472Z WARN GET https://raw.githubusercontent.com/SoftFever/OrcaSlicer/main/resources/profiles/Lulzbot/filament/Generic%20PLA%20@System.json -> 404
2026-08-25T16:49:27.962Z WARN GET https://raw.githubusercontent.com/SoftFever/OrcaSlicer/main/resources/profiles/Lulzbot/filament/base/Generic%20PLA%20@System.json -> 404
2026-08-25T16:49:32.463Z WARN GET https://raw.githubusercontent.com/SoftFever/OrcaSlicer/main/resources/profiles/MagicMaker/filament/fdm_filament_common.json -> 404
2026-08-25T16:49:34.218Z WARN GET https://raw.githubusercontent.com/SoftFever/OrcaSlicer/main/resources/profiles/MagicMaker/filament/base/fdm_filament_common.json -> 404
2026-08-25T16:49:38.489Z slicerprofiles ok ABS (nozzle 270°C / bed 90°C) https://raw.githubusercontent.com/SoftFever/OrcaSlicer/main/resources/profiles/OrcaArena/filament/Arena%20ABS%20@base.json
2026-08-25T16:49:46.001Z slicerprofiles ok PA-CF (nozzle 280°C / bed 100°C) https://raw.githubusercontent.com/SoftFever/OrcaSlicer/main/resources/profiles/OrcaArena/filament/Arena%20PA-CF%20@base.json
2026-08-25T16:49:47.501Z slicerprofiles ok PA-CF CF (nozzle 290°C / bed 100°C) https://raw.githubusercontent.com/SoftFever/OrcaSlicer/main/resources/profiles/OrcaArena/filament/Arena%20PAHT-CF%20@base.json
2026-08-25T16:49:49.004Z slicerprofiles ok Nylon Support (nozzle 280°C / bed 100°C) https://raw.githubusercontent.com/SoftFever/OrcaSlicer/main/resources/profiles/OrcaArena/filament/Arena%20Support%20G%20@base.json
2026-08-25T16:49:55.053Z slicerprofiles ok PC (nozzle 280°C / bed 110°C) https://raw.githubusercontent.com/SoftFever/OrcaSlicer/main/resources/profiles/OrcaArena/filament/Arena%20PC%20@base.json
2026-08-25T16:49:59.505Z slicerprofiles ok PET-CF (nozzle 270°C / bed 100°C) https://raw.githubusercontent.com/SoftFever/OrcaSlicer/main/resources/profiles/OrcaArena/filament/Arena%20PET-CF%20@base.json
2026-08-25T16:50:01.203Z slicerprofiles ok PETG (nozzle 255°C / bed 70°C) https://raw.githubusercontent.com/SoftFever/OrcaSlicer/main/resources/profiles/OrcaArena/filament/Arena%20PETG%20Basic%20@base.json
2026-08-25T16:50:02.497Z slicerprofiles ok PETG-CF (nozzle 255°C / bed 70°C) https://raw.githubusercontent.com/SoftFever/OrcaSlicer/main/resources/profiles/OrcaArena/filament/Arena%20PETG-CF%20@base.json
2026-08-25T16:50:08.502Z slicerprofiles ok PLA (nozzle 220°C / bed 55°C) https://raw.githubusercontent.com/SoftFever/OrcaSlicer/main/resources/profiles/OrcaArena/filament/Arena%20PLA%20Basic%20@base.json
2026-08-25T16:50:10.020Z slicerprofiles ok PLA Impact (nozzle 220°C / bed 55°C) https://raw.githubusercontent.com/SoftFever/OrcaSlicer/main/resources/profiles/OrcaArena/filament/Arena%20PLA%20Impact%20@base.json
2026-08-25T16:50:11.511Z slicerprofiles ok PLA Marble (nozzle 220°C / bed 55°C) https://raw.githubusercontent.com/SoftFever/OrcaSlicer/main/resources/profiles/OrcaArena/filament/Arena%20PLA%20Marble%20@base.json
2026-08-25T16:50:13.015Z slicerprofiles ok PLA Matte (nozzle 220°C / bed 55°C) https://raw.githubusercontent.com/SoftFever/OrcaSlicer/main/resources/profiles/OrcaArena/filament/Arena%20PLA%20Matte%20@base.json
2026-08-25T16:50:14.512Z slicerprofiles ok PLA Metal (nozzle 220°C / bed 55°C) https://raw.githubusercontent.com/SoftFever/OrcaSlicer/main/resources/profiles/OrcaArena/filament/Arena%20PLA%20Metal%20@base.json
2026-08-25T16:50:16.114Z slicerprofiles ok PLA Silk (nozzle 230°C / bed 55°C) https://raw.githubusercontent.com/SoftFever/OrcaSlicer/main/resources/profiles/OrcaArena/filament/Arena%20PLA%20Silk%20@base.json
2026-08-25T16:50:19.017Z slicerprofiles ok PLA Tough (nozzle 220°C / bed 55°C) https://raw.githubusercontent.com/SoftFever/OrcaSlicer/main/resources/profiles/OrcaArena/filament/Arena%20PLA%20Tough%20@base.json
2026-08-25T16:50:20.503Z slicerprofiles ok PLA-CF (nozzle 220°C / bed 55°C) https://raw.githubusercontent.com/SoftFever/OrcaSlicer/main/resources/profiles/OrcaArena/filament/Arena%20PLA-CF%20@base.json
2026-08-25T16:50:22.000Z slicerprofiles ok PLA Support (nozzle 220°C / bed 55°C) https://raw.githubusercontent.com/SoftFever/OrcaSlicer/main/resources/profiles/OrcaArena/filament/Arena%20Support%20W%20@base.json
2026-08-25T16:50:32.503Z slicerprofiles ok TPU 95A (nozzle 230°C / bed 35°C) https://raw.githubusercontent.com/SoftFever/OrcaSlicer/main/resources/profiles/OrcaArena/filament/Arena%20TPU%2095A%20@base.json
2026-08-25T16:50:35.526Z slicerprofiles ok PLA (nozzle 210°C / bed 60°C) https://raw.githubusercontent.com/SoftFever/OrcaSlicer/main/resources/profiles/OrcaFilamentLibrary/filament/FilAr/FilAr%20PLA%20@base.json
2026-08-25T16:51:47.708Z slicerprofiles ok PETG (nozzle 240°C / bed 78°C) https://raw.githubusercontent.com/SoftFever/OrcaSlicer/main/resources/profiles/OrcaFilamentLibrary/filament/FilAr/FilAr%20PETG%20@base.json
2026-08-25T16:52:11.784Z slicerprofiles ok ABS-GF (nozzle 260°C / bed 100°C) https://raw.githubusercontent.com/SoftFever/OrcaSlicer/main/resources/profiles/OrcaFilamentLibrary/filament/Bambu/Bambu%20ABS-GF%20@base.json
2026-08-25T16:52:13.070Z slicerprofiles ok Support ABS (nozzle 260°C / bed 100°C) https://raw.githubusercontent.com/SoftFever/OrcaSlicer/main/resources/profiles/OrcaFilamentLibrary/filament/Bambu/Bambu%20Support%20for%20ABS%20@base.json
2026-08-25T16:52:14.543Z slicerprofiles ok ABS (nozzle 260°C / bed 100°C) https://raw.githubusercontent.com/SoftFever/OrcaSlicer/main/resources/profiles/OrcaFilamentLibrary/filament/DREMC/DREMC%20ABS%20@base.json
2026-08-25T16:52:17.557Z slicerprofiles ok ABS-GF (nozzle 260°C / bed 100°C) https://raw.githubusercontent.com/SoftFever/OrcaSlicer/main/resources/profiles/OrcaFilamentLibrary/filament/DREMC/DREMC%20ABS-GF%20@base.json
2026-08-25T16:52:19.098Z slicerprofiles ok ABS (nozzle 255°C / bed 100°C) https://raw.githubusercontent.com/SoftFever/OrcaSlicer/main/resources/profiles/OrcaFilamentLibrary/filament/Eolas%20Prints/Eolas%20Prints%20ABS%20@System.json
2026-08-25T16:52:20.553Z slicerprofiles ok ABS (nozzle 260°C / bed 100°C) https://raw.githubusercontent.com/SoftFever/OrcaSlicer/main/resources/profiles/OrcaFilamentLibrary/filament/FDplast/FDplast%20ABS%20@base.json
2026-08-25T16:52:22.059Z slicerprofiles ok ABS (nozzle 260°C / bed 100°C) https://raw.githubusercontent.com/SoftFever/OrcaSlicer/main/resources/profiles/OrcaFilamentLibrary/filament/NIT/NIT%20ABS%20@base.json
2026-08-25T16:52:23.577Z slicerprofiles ok ABS (nozzle 260°C / bed 90°C) https://raw.githubusercontent.com/SoftFever/OrcaSlicer/main/resources/profiles/OrcaFilamentLibrary/filament/Overture/Overture%20ABS%20Basic%20@base.json
2026-08-25T16:52:25.048Z slicerprofiles ok ASA (nozzle 270°C / bed 100°C) https://raw.githubusercontent.com/SoftFever/OrcaSlicer/main/resources/profiles/OrcaFilamentLibrary/filament/Bambu/Bambu%20ASA%20@base.json
2026-08-25T16:52:26.570Z slicerprofiles ok ASA-AERO (nozzle 270°C / bed 100°C) https://raw.githubusercontent.com/SoftFever/OrcaSlicer/main/resources/profiles/OrcaFilamentLibrary/filament/Bambu/Bambu%20ASA-Aero%20@base.json
2026-08-25T16:52:28.097Z slicerprofiles ok ASA-CF (nozzle 275°C / bed 100°C) https://raw.githubusercontent.com/SoftFever/OrcaSlicer/main/resources/profiles/OrcaFilamentLibrary/filament/Bambu/Bambu%20ASA-CF%20@base.json
2026-08-25T16:52:29.564Z slicerprofiles ok ASA (nozzle 260°C / bed 110°C) https://raw.githubusercontent.com/SoftFever/OrcaSlicer/main/resources/profiles/OrcaFilamentLibrary/filament/DREMC/DREMC%20ASA%20@base.json
2026-08-25T16:52:31.056Z slicerprofiles ok ASA CF (nozzle 265°C / bed 110°C) https://raw.githubusercontent.com/SoftFever/OrcaSlicer/main/resources/profiles/OrcaFilamentLibrary/filament/DREMC/DREMC%20ASA%20CF%20@base.json
2026-08-25T16:52:32.718Z slicerprofiles ok ASA GF (nozzle 270°C / bed 110°C) https://raw.githubusercontent.com/SoftFever/OrcaSlicer/main/resources/profiles/OrcaFilamentLibrary/filament/DREMC/DREMC%20ASA%20GF%20@base.json
2026-08-25T16:52:34.057Z slicerprofiles ok ASA (nozzle 270°C / bed 100°C) https://raw.githubusercontent.com/SoftFever/OrcaSlicer/main/resources/profiles/OrcaFilamentLibrary/filament/Elas/Elas%20ASA%20@base.json
2026-08-25T16:52:35.564Z slicerprofiles ok ASA (nozzle 260°C / bed 100°C) https://raw.githubusercontent.com/SoftFever/OrcaSlicer/main/resources/profiles/OrcaFilamentLibrary/filament/Eolas%20Prints/Eolas%20Prints%20ASA%20@System.json
2026-08-25T16:52:41.555Z slicerprofiles ok HIPS (nozzle 250°C / bed 110°C) https://raw.githubusercontent.com/SoftFever/OrcaSlicer/main/resources/profiles/OrcaFilamentLibrary/filament/FDplast/FDplast%20HIPS%20@base.json
2026-08-25T16:52:44.574Z slicerprofiles ok PA6-CF (nozzle 275°C / bed 100°C) https://raw.githubusercontent.com/SoftFever/OrcaSlicer/main/resources/profiles/OrcaFilamentLibrary/filament/Bambu/Bambu%20PA6-CF%20@base.json
2026-08-25T16:52:46.094Z slicerprofiles ok PA6-GF (nozzle 280°C / bed 100°C) https://raw.githubusercontent.com/SoftFever/OrcaSlicer/main/resources/profiles/OrcaFilamentLibrary/filament/Bambu/Bambu%20PA6-GF%20@base.json
2026-08-25T16:52:52.478Z slicerprofiles ok PA12-CF (nozzle 290°C / bed 100°C) https://raw.githubusercontent.com/SoftFever/OrcaSlicer/main/resources/profiles/OrcaFilamentLibrary/filament/DREMC/DREMC%20PA12-CF%20@base.json
2026-08-25T16:52:53.575Z slicerprofiles ok PA6-CF (nozzle 270°C / bed 100°C) https://raw.githubusercontent.com/SoftFever/OrcaSlicer/main/resources/profiles/OrcaFilamentLibrary/filament/DREMC/DREMC%20PA6-CF%20@base.json
2026-08-25T16:52:55.101Z slicerprofiles ok Nylon (nozzle 220°C / bed 60°C) https://raw.githubusercontent.com/SoftFever/OrcaSlicer/main/resources/profiles/OrcaFilamentLibrary/filament/Elegoo/Elegoo%20PAHT%20@base.json
2026-08-25T16:52:56.577Z slicerprofiles ok PA (nozzle 275°C / bed 100°C) https://raw.githubusercontent.com/SoftFever/OrcaSlicer/main/resources/profiles/OrcaFilamentLibrary/filament/FILL3D/FILL3D%20PA%20@base.json
2026-08-25T16:52:59.568Z slicerprofiles ok PC FR (nozzle 280°C / bed 110°C) https://raw.githubusercontent.com/SoftFever/OrcaSlicer/main/resources/profiles/OrcaFilamentLibrary/filament/Bambu/Bambu%20PC%20FR%20@base.json
2026-08-25T16:53:02.566Z slicerprofiles ok PETG (nozzle 255°C / bed 70°C) https://raw.githubusercontent.com/SoftFever/OrcaSlicer/main/resources/profiles/OrcaFilamentLibrary/filament/Bambu/Bambu%20PETG%20Basic%20@base.json
2026-08-25T16:53:04.273Z slicerprofiles ok PETG HF (nozzle 245°C / bed 70°C) https://raw.githubusercontent.com/SoftFever/OrcaSlicer/main/resources/profiles/OrcaFilamentLibrary/filament/Bambu/Bambu%20PETG%20HF%20@base.json
2026-08-25T16:53:05.735Z slicerprofiles ok PETG Translucent (nozzle 245°C / bed 70°C) https://raw.githubusercontent.com/SoftFever/OrcaSlicer/main/resources/profiles/OrcaFilamentLibrary/filament/Bambu/Bambu%20PETG%20Translucent%20@base.json
2026-08-25T16:53:09.003Z slicerprofiles ok PET-CF (nozzle 300°C / bed 70°C) https://raw.githubusercontent.com/SoftFever/OrcaSlicer/main/resources/profiles/OrcaFilamentLibrary/filament/DREMC/DREMC%20PET-CF%20@base.json
2026-08-25T16:53:10.076Z slicerprofiles ok PETG (nozzle 255°C / bed 70°C) https://raw.githubusercontent.com/SoftFever/OrcaSlicer/main/resources/profiles/OrcaFilamentLibrary/filament/DREMC/DREMC%20PETG%20@base.json
2026-08-25T16:53:11.572Z slicerprofiles ok PETG (nozzle 250°C / bed 80°C) https://raw.githubusercontent.com/SoftFever/OrcaSlicer/main/resources/profiles/OrcaFilamentLibrary/filament/Elas/Elas%20PETG%20Basic%20@base.json
2026-08-25T16:53:14.946Z slicerprofiles ok PETG (nozzle 240°C / bed 80°C) https://raw.githubusercontent.com/SoftFever/OrcaSlicer/main/resources/profiles/OrcaFilamentLibrary/filament/Eolas%20Prints/Eolas%20Prints%20PETG%20@System.json
2026-08-25T16:53:19.092Z slicerprofiles ok PETG (nozzle 235°C / bed 80°C) https://raw.githubusercontent.com/SoftFever/OrcaSlicer/main/resources/profiles/OrcaFilamentLibrary/filament/FDplast/FDplast%20PETG%20@base.json
2026-08-25T16:53:20.618Z slicerprofiles ok PETG (nozzle 265°C / bed 80°C) https://raw.githubusercontent.com/SoftFever/OrcaSlicer/main/resources/profiles/OrcaFilamentLibrary/filament/FILL3D/FILL3D%20PETG%20@base.json
2026-08-25T16:53:22.125Z slicerprofiles ok PETG CF (nozzle 245°C / bed 75°C) https://raw.githubusercontent.com/SoftFever/OrcaSlicer/main/resources/profiles/OrcaFilamentLibrary/filament/FILL3D/FILL3D%20PETG%20CF%20@base.json
2026-08-25T16:53:23.586Z slicerprofiles ok PETG (nozzle 240°C / bed 70°C) https://raw.githubusercontent.com/SoftFever/OrcaSlicer/main/resources/profiles/OrcaFilamentLibrary/filament/GreenGate3D/GreenGate3D%20PETG%20@base.json
2026-08-25T16:53:25.111Z slicerprofiles ok PETG (nozzle 240°C / bed 80°C) https://raw.githubusercontent.com/SoftFever/OrcaSlicer/main/resources/profiles/OrcaFilamentLibrary/filament/NIT/NIT%20PETG%20@base.json
2026-08-25T16:53:32.754Z slicerprofiles ok PLA Glow (nozzle 220°C / bed 55°C) https://raw.githubusercontent.com/SoftFever/OrcaSlicer/main/resources/profiles/OrcaFilamentLibrary/filament/Bambu/Bambu%20PLA%20Glow%20@base.json
2026-08-25T16:53:34.097Z slicerprofiles ok PLA Impact (nozzle 220°C / bed 55°C) https://raw.githubusercontent.com/SoftFever/OrcaSlicer/main/resources/profiles/OrcaFilamentLibrary/filament/Bambu/Bambu%20PLA%20Impact%20@base.json
2026-08-25T16:53:46.096Z slicerprofiles ok PLA Wood (nozzle 220°C / bed 55°C) https://raw.githubusercontent.com/SoftFever/OrcaSlicer/main/resources/profiles/OrcaFilamentLibrary/filament/Bambu/Bambu%20PLA%20Wood%20@base.json
2026-08-25T16:53:50.771Z slicerprofiles ok Support PLA PETG (nozzle 210°C / bed 60°C) https://raw.githubusercontent.com/SoftFever/OrcaSlicer/main/resources/profiles/OrcaFilamentLibrary/filament/Bambu/Bambu%20Support%20For%20PLA-PETG%20@base.json
2026-08-25T16:53:53.690Z slicerprofiles ok PLA (nozzle 220°C / bed 55°C) https://raw.githubusercontent.com/SoftFever/OrcaSlicer/main/resources/profiles/OrcaFilamentLibrary/filament/DREMC/DREMC%20PLA+%20@base.json
2026-08-25T16:53:55.103Z slicerprofiles ok PLA HS (nozzle 220°C / bed 55°C) https://raw.githubusercontent.com/SoftFever/OrcaSlicer/main/resources/profiles/OrcaFilamentLibrary/filament/DREMC/DREMC%20PLA%20HS%20@base.json
2026-08-25T16:53:56.629Z slicerprofiles ok PLA (nozzle 220°C / bed 55°C) https://raw.githubusercontent.com/SoftFever/OrcaSlicer/main/resources/profiles/OrcaFilamentLibrary/filament/Elas/Elas%20PLA%20Basic%20@base.json
2026-08-25T16:54:01.110Z slicerprofiles ok PLA (nozzle 216°C / bed 60°C) https://raw.githubusercontent.com/SoftFever/OrcaSlicer/main/resources/profiles/OrcaFilamentLibrary/filament/Eolas%20Prints/Eolas%20Prints%20PLA%20Antibacterial%20@System.json
2026-08-25T16:54:02.601Z slicerprofiles ok PLA High Speed (nozzle 220°C / bed 60°C) https://raw.githubusercontent.com/SoftFever/OrcaSlicer/main/resources/profiles/OrcaFilamentLibrary/filament/Eolas%20Prints/Eolas%20Prints%20PLA%20High%20Speed%20@System.json
2026-08-25T16:54:07.105Z slicerprofiles ok PLA Matte (nozzle 215°C / bed 60°C) https://raw.githubusercontent.com/SoftFever/OrcaSlicer/main/resources/profiles/OrcaFilamentLibrary/filament/Eolas%20Prints/Eolas%20Prints%20PLA%20Matte%20@System.json
2026-08-25T16:54:11.616Z slicerprofiles ok PLA Silk (nozzle 215°C / bed 60°C) https://raw.githubusercontent.com/SoftFever/OrcaSlicer/main/resources/profiles/OrcaFilamentLibrary/filament/Eolas%20Prints/Eolas%20Prints%20PLA%20Silk%20@System.json
2026-08-25T16:54:14.610Z slicerprofiles ok PLA (nozzle 215°C / bed 65°C) https://raw.githubusercontent.com/SoftFever/OrcaSlicer/main/resources/profiles/OrcaFilamentLibrary/filament/FDplast/FDplast%20PLA%20@base.json
2026-08-25T16:54:16.133Z slicerprofiles ok PLA (nozzle 235°C / bed 55°C) https://raw.githubusercontent.com/SoftFever/OrcaSlicer/main/resources/profiles/OrcaFilamentLibrary/filament/FILL3D/FILL3D%20PLA%20Basic%20@base.json
2026-08-25T16:54:20.614Z slicerprofiles ok PLA (nozzle 210°C / bed 55°C) https://raw.githubusercontent.com/SoftFever/OrcaSlicer/main/resources/profiles/OrcaFilamentLibrary/filament/NIT/NIT%20PLA%20@base.json
2026-08-25T16:54:22.121Z slicerprofiles ok PLA (nozzle 220°C / bed 55°C) https://raw.githubusercontent.com/SoftFever/OrcaSlicer/main/resources/profiles/OrcaFilamentLibrary/filament/Valment/Valment%20PLA%20@base.json
2026-08-25T16:54:25.114Z slicerprofiles ok PLA Silk (nozzle 240°C / bed 55°C) https://raw.githubusercontent.com/SoftFever/OrcaSlicer/main/resources/profiles/OrcaFilamentLibrary/filament/Valment/Valment%20PLA%20Silk%20@base.json
2026-08-25T16:54:26.609Z slicerprofiles ok PLA-CF (nozzle 225°C / bed 55°C) https://raw.githubusercontent.com/SoftFever/OrcaSlicer/main/resources/profiles/OrcaFilamentLibrary/filament/Valment/Valment%20PLA-CF%20@base.json
2026-08-25T16:54:28.373Z slicerprofiles ok PLA Marble (nozzle 220°C / bed 55°C) https://raw.githubusercontent.com/SoftFever/OrcaSlicer/main/resources/profiles/OrcaFilamentLibrary/filament/eSUN/eSUN%20PLA-Marble%20@base.json
2026-08-25T16:54:29.617Z slicerprofiles ok PLA Matte (nozzle 220°C / bed 55°C) https://raw.githubusercontent.com/SoftFever/OrcaSlicer/main/resources/profiles/OrcaFilamentLibrary/filament/eSUN/eSUN%20PLA-Matte%20@base.json
2026-08-25T16:54:31.119Z slicerprofiles ok PLA LW (nozzle 243°C / bed 55°C) https://raw.githubusercontent.com/SoftFever/OrcaSlicer/main/resources/profiles/OrcaFilamentLibrary/filament/eSUN/eSUN%20ePLA-LW%20@System.json
2026-08-25T16:54:34.217Z slicerprofiles ok PP (nozzle 300°C / bed 100°C) https://raw.githubusercontent.com/SoftFever/OrcaSlicer/main/resources/profiles/OrcaFilamentLibrary/filament/FILL3D/FILL3D%20PP%20@base.json
2026-08-25T16:54:38.605Z slicerprofiles ok PPA-CF (nozzle 290°C / bed 100°C) https://raw.githubusercontent.com/SoftFever/OrcaSlicer/main/resources/profiles/OrcaFilamentLibrary/filament/Bambu/Bambu%20PPA-CF%20@base.json
2026-08-25T16:54:40.336Z slicerprofiles ok PPA-CF (nozzle 290°C / bed 100°C) https://raw.githubusercontent.com/SoftFever/OrcaSlicer/main/resources/profiles/OrcaFilamentLibrary/filament/DREMC/DREMC%20PPA-CF%20@base.json
2026-08-25T16:54:43.110Z slicerprofiles ok PPS-CF (nozzle 320°C / bed 110°C) https://raw.githubusercontent.com/SoftFever/OrcaSlicer/main/resources/profiles/OrcaFilamentLibrary/filament/Bambu/Bambu%20PPS-CF%20@base.json
2026-08-25T16:54:46.123Z slicerprofiles ok PVA (nozzle 220°C / bed 55°C) https://raw.githubusercontent.com/SoftFever/OrcaSlicer/main/resources/profiles/OrcaFilamentLibrary/filament/Bambu/Bambu%20PVA%20@base.json
2026-08-25T16:54:49.116Z slicerprofiles ok SBS (nozzle 230°C / bed 80°C) https://raw.githubusercontent.com/SoftFever/OrcaSlicer/main/resources/profiles/OrcaFilamentLibrary/filament/FDplast/FDplast%20SBS%20@base.json
2026-08-25T16:54:53.624Z slicerprofiles ok TPU 95A HF (nozzle 230°C / bed 35°C) https://raw.githubusercontent.com/SoftFever/OrcaSlicer/main/resources/profiles/OrcaFilamentLibrary/filament/Bambu/Bambu%20TPU%2095A%20HF%20@base.json
2026-08-25T16:54:55.127Z slicerprofiles ok TPU 95A (nozzle 230°C / bed 35°C) https://raw.githubusercontent.com/SoftFever/OrcaSlicer/main/resources/profiles/OrcaFilamentLibrary/filament/DREMC/DREMC%20TPU%2095A%20@base.json
2026-08-25T16:54:56.753Z slicerprofiles ok TPU (nozzle 225°C / bed 35°C) https://raw.githubusercontent.com/SoftFever/OrcaSlicer/main/resources/profiles/OrcaFilamentLibrary/filament/Elegoo/Elegoo%20TPU%20@base.json
2026-08-25T16:54:58.194Z slicerprofiles ok TPU (nozzle 225°C / bed 55°C) https://raw.githubusercontent.com/SoftFever/OrcaSlicer/main/resources/profiles/OrcaFilamentLibrary/filament/Eolas%20Prints/Eolas%20Prints%20TPU%20Flex%20D60%20UV%20Resistant%20@System.json
2026-08-25T16:54:59.623Z slicerprofiles ok TPU Flex 93A (nozzle 220°C / bed 50°C) https://raw.githubusercontent.com/SoftFever/OrcaSlicer/main/resources/profiles/OrcaFilamentLibrary/filament/Eolas%20Prints/Eolas%20Prints%20TPU%20Flex%2093A%20@System.json
2026-08-25T16:55:01.122Z slicerprofiles ok TPU Flex (nozzle 220°C / bed 45°C) https://raw.githubusercontent.com/SoftFever/OrcaSlicer/main/resources/profiles/OrcaFilamentLibrary/filament/Eolas%20Prints/Eolas%20Prints%20TPU%20Flex%20D53%20@System.json
2026-08-25T16:55:04.123Z slicerprofiles ok TPU (nozzle 180°C / bed 60°C) https://raw.githubusercontent.com/SoftFever/OrcaSlicer/main/resources/profiles/OrcaFilamentLibrary/filament/FDplast/FDplast%20TPU%20@base.json
2026-08-25T16:55:53.651Z slicerprofiles ok ABS-GF (nozzle 270°C / bed 100°C) https://raw.githubusercontent.com/SoftFever/OrcaSlicer/main/resources/profiles/Peopoly/filament/Peopoly%20Lancer%20ABS-GF.json
2026-08-25T16:55:55.226Z slicerprofiles ok PET-CF (nozzle 300°C / bed 80°C) https://raw.githubusercontent.com/SoftFever/OrcaSlicer/main/resources/profiles/Peopoly/filament/Peopoly%20Lancer%20PET-CF.json
2026-08-25T16:55:59.705Z slicerprofiles ok PETG (nozzle 225°C / bed 70°C) https://raw.githubusercontent.com/SoftFever/OrcaSlicer/main/resources/profiles/Peopoly/filament/Peopoly%20Lancer%20PETG-C.json
2026-08-25T16:56:04.149Z slicerprofiles ok PLA (nozzle 210°C / bed 70°C) https://raw.githubusercontent.com/SoftFever/OrcaSlicer/main/resources/profiles/Peopoly/filament/Peopoly%20Lancer%20PLA-C.json
2026-08-25T16:56:20.656Z slicerprofiles ok ASA (nozzle 260°C / bed 110°C) https://raw.githubusercontent.com/SoftFever/OrcaSlicer/main/resources/profiles/Prusa/filament/Prusament%20ASA%20@CORE%20One.json
2026-08-25T16:56:32.799Z slicerprofiles ok PA-CF (nozzle 285°C / bed 115°C) https://raw.githubusercontent.com/SoftFever/OrcaSlicer/main/resources/profiles/Prusa/filament/Prusament%20PA-CF%20@CORE%20One.json
2026-08-25T16:56:38.674Z slicerprofiles ok PC (nozzle 275°C / bed 115°C) https://raw.githubusercontent.com/SoftFever/OrcaSlicer/main/resources/profiles/Prusa/filament/Prusament%20PC%20Blend%20@CORE%20One.json
2026-08-25T16:56:40.249Z slicerprofiles ok PC-CF (nozzle 285°C / bed 115°C) https://raw.githubusercontent.com/SoftFever/OrcaSlicer/main/resources/profiles/Prusa/filament/Prusament%20PC-CF%20@CORE%20One.json
2026-08-25T16:56:46.183Z slicerprofiles ok PETG (nozzle 250°C / bed 85°C) https://raw.githubusercontent.com/SoftFever/OrcaSlicer/main/resources/profiles/Prusa/filament/Prusament%20PETG%20@CORE%20One.json
2026-08-25T16:56:55.180Z slicerprofiles ok PLA (nozzle 225°C / bed 60°C) https://raw.githubusercontent.com/SoftFever/OrcaSlicer/main/resources/profiles/Prusa/filament/Prusament%20PLA%20@CORE%20One.json
2026-08-25T16:57:04.181Z slicerprofiles ok PVB (nozzle 215°C / bed 75°C) https://raw.githubusercontent.com/SoftFever/OrcaSlicer/main/resources/profiles/Prusa/filament/Prusament%20PVB%20@CORE%20One.json
2026-08-25T16:57:08.688Z slicerprofiles ok ASA-CF (nozzle 275°C / bed 90°C) https://raw.githubusercontent.com/SoftFever/OrcaSlicer/main/resources/profiles/Qidi/filament/QIDI%20ASA-CF.json
2026-08-25T16:57:26.699Z slicerprofiles ok ABS (nozzle 260°C / bed 90°C) https://raw.githubusercontent.com/SoftFever/OrcaSlicer/main/resources/profiles/Qidi/filament/Q2/HATCHBOX%20ABS%20@Q2.json
2026-08-25T16:57:28.191Z slicerprofiles ok PETG (nozzle 250°C / bed 80°C) https://raw.githubusercontent.com/SoftFever/OrcaSlicer/main/resources/profiles/Qidi/filament/Q2/HATCHBOX%20PETG%20@Q2.json
2026-08-25T16:57:29.704Z slicerprofiles ok PLA (nozzle 210°C / bed 60°C) https://raw.githubusercontent.com/SoftFever/OrcaSlicer/main/resources/profiles/Qidi/filament/Q2/HATCHBOX%20PLA%20@Q2.json
2026-08-25T16:57:37.203Z slicerprofiles ok ABS (nozzle 260°C / bed 90°C) https://raw.githubusercontent.com/SoftFever/OrcaSlicer/main/resources/profiles/Qidi/filament/Q2/QIDI%20ABS%20Odorless%20@Q2.json
2026-08-25T16:57:38.685Z slicerprofiles ok ABS Metal (nozzle 260°C / bed 90°C) https://raw.githubusercontent.com/SoftFever/OrcaSlicer/main/resources/profiles/Qidi/filament/Q2/QIDI%20ABS%20Rapido%20Metal%20@Q2.json
2026-08-25T16:57:41.695Z slicerprofiles ok ABS-GF (nozzle 270°C / bed 90°C) https://raw.githubusercontent.com/SoftFever/OrcaSlicer/main/resources/profiles/Qidi/filament/Q2/QIDI%20ABS-GF%20@Q2.json
2026-08-25T16:57:43.191Z slicerprofiles ok ASA-AERO (nozzle 260°C / bed 90°C) https://raw.githubusercontent.com/SoftFever/OrcaSlicer/main/resources/profiles/Qidi/filament/Q2/QIDI%20ASA-Aero%20@Q2.json
2026-08-25T16:57:46.197Z slicerprofiles ok ASA (nozzle 255°C / bed 90°C) https://raw.githubusercontent.com/SoftFever/OrcaSlicer/main/resources/profiles/Qidi/filament/Q2/QIDI%20ASA%20@Q2.json
2026-08-25T16:57:47.780Z slicerprofiles ok PA12-CF (nozzle 280°C / bed 80°C) https://raw.githubusercontent.com/SoftFever/OrcaSlicer/main/resources/profiles/Qidi/filament/Q2/QIDI%20PA12-CF%20@Q2.json
2026-08-25T16:57:49.205Z slicerprofiles ok PA-CF CF (nozzle 300°C / bed 80°C) https://raw.githubusercontent.com/SoftFever/OrcaSlicer/main/resources/profiles/Qidi/filament/Q2/QIDI%20PAHT-CF%20@Q2.json
2026-08-25T16:57:50.686Z slicerprofiles ok PA-GF GF (nozzle 300°C / bed 80°C) https://raw.githubusercontent.com/SoftFever/OrcaSlicer/main/resources/profiles/Qidi/filament/Q2/QIDI%20PAHT-GF%20@Q2.json
2026-08-25T16:57:52.239Z slicerprofiles ok PC ABS FR (nozzle 250°C / bed 90°C) https://raw.githubusercontent.com/SoftFever/OrcaSlicer/main/resources/profiles/Qidi/filament/Q2/QIDI%20PC-ABS-FR%20@Q2.json
2026-08-25T16:57:53.706Z slicerprofiles ok PEBA 95A (nozzle 250°C / bed 35°C) https://raw.githubusercontent.com/SoftFever/OrcaSlicer/main/resources/profiles/Qidi/filament/Q2/QIDI%20PEBA%2095A%20@Q2.json
2026-08-25T16:57:55.203Z slicerprofiles ok PET-CF (nozzle 280°C / bed 80°C) https://raw.githubusercontent.com/SoftFever/OrcaSlicer/main/resources/profiles/Qidi/filament/Q2/QIDI%20PET-CF%20@Q2.json
2026-08-25T16:57:56.701Z slicerprofiles ok PET-GF (nozzle 300°C / bed 80°C) https://raw.githubusercontent.com/SoftFever/OrcaSlicer/main/resources/profiles/Qidi/filament/Q2/QIDI%20PET-GF%20@Q2.json
2026-08-25T16:57:58.347Z slicerprofiles ok PETG (nozzle 250°C / bed 80°C) https://raw.githubusercontent.com/SoftFever/OrcaSlicer/main/resources/profiles/Qidi/filament/Q2/QIDI%20PETG%20Basic%20@Q2.json
2026-08-25T16:58:01.213Z slicerprofiles ok PETG Tough (nozzle 250°C / bed 80°C) https://raw.githubusercontent.com/SoftFever/OrcaSlicer/main/resources/profiles/Qidi/filament/Q2/QIDI%20PETG%20Tough%20@Q2.json
2026-08-25T16:58:02.705Z slicerprofiles ok PETG Translucent (nozzle 250°C / bed 80°C) https://raw.githubusercontent.com/SoftFever/OrcaSlicer/main/resources/profiles/Qidi/filament/Q2/QIDI%20PETG%20Translucent%20@Q2.json
2026-08-25T16:58:04.247Z slicerprofiles ok PETG-CF (nozzle 255°C / bed 80°C) https://raw.githubusercontent.com/SoftFever/OrcaSlicer/main/resources/profiles/Qidi/filament/Q2/QIDI%20PETG-CF%20@Q2.json
2026-08-25T16:58:05.746Z slicerprofiles ok PETG-GF (nozzle 255°C / bed 80°C) https://raw.githubusercontent.com/SoftFever/OrcaSlicer/main/resources/profiles/Qidi/filament/Q2/QIDI%20PETG-GF%20@Q2.json
2026-08-25T16:58:07.395Z slicerprofiles ok PLA (nozzle 210°C / bed 60°C) https://raw.githubusercontent.com/SoftFever/OrcaSlicer/main/resources/profiles/Qidi/filament/Q2/QIDI%20PLA%20Basic%20@Q2.json
2026-08-25T16:58:08.746Z slicerprofiles ok PLA Matte (nozzle 210°C / bed 60°C) https://raw.githubusercontent.com/SoftFever/OrcaSlicer/main/resources/profiles/Qidi/filament/Q2/QIDI%20PLA%20Matte%20Basic%20@Q2.json
2026-08-25T16:58:11.867Z slicerprofiles ok PLA Metal (nozzle 210°C / bed 60°C) https://raw.githubusercontent.com/SoftFever/OrcaSlicer/main/resources/profiles/Qidi/filament/Q2/QIDI%20PLA%20Rapido%20Metal%20@Q2.json
2026-08-25T16:58:13.221Z slicerprofiles ok PLA Silk (nozzle 220°C / bed 55°C) https://raw.githubusercontent.com/SoftFever/OrcaSlicer/main/resources/profiles/Qidi/filament/Q2/QIDI%20PLA%20Rapido%20Silk%20@Q2.json
2026-08-25T16:58:16.208Z slicerprofiles ok PLA-CF (nozzle 220°C / bed 60°C) https://raw.githubusercontent.com/SoftFever/OrcaSlicer/main/resources/profiles/Qidi/filament/Q2/QIDI%20PLA-CF%20@Q2.json
2026-08-25T16:58:17.713Z slicerprofiles ok PPS-CF (nozzle 320°C / bed 110°C) https://raw.githubusercontent.com/SoftFever/OrcaSlicer/main/resources/profiles/Qidi/filament/Q2/QIDI%20PPS-CF%20@Q2.json
2026-08-25T16:58:19.203Z slicerprofiles ok PPS-GF (nozzle 320°C / bed 90°C) https://raw.githubusercontent.com/SoftFever/OrcaSlicer/main/resources/profiles/Qidi/filament/Q2/QIDI%20PPS-GF%20@Q2.json
2026-08-25T16:58:20.715Z slicerprofiles ok Nylon Support (nozzle 280°C / bed 80°C) https://raw.githubusercontent.com/SoftFever/OrcaSlicer/main/resources/profiles/Qidi/filament/Q2/QIDI%20Support%20For%20PAHT%20@Q2.json
2026-08-25T16:58:22.247Z slicerprofiles ok Support PET PA (nozzle 280°C / bed 80°C) https://raw.githubusercontent.com/SoftFever/OrcaSlicer/main/resources/profiles/Qidi/filament/Q2/QIDI%20Support%20For%20PET-PA%20@Q2.json
2026-08-25T16:58:23.714Z slicerprofiles ok TPU 95A HF (nozzle 230°C / bed 35°C) https://raw.githubusercontent.com/SoftFever/OrcaSlicer/main/resources/profiles/Qidi/filament/Q2/QIDI%20TPU%2095A-HF%20@Q2.json
2026-08-25T16:58:25.207Z slicerprofiles ok TPU-AERO (nozzle 250°C / bed 35°C) https://raw.githubusercontent.com/SoftFever/OrcaSlicer/main/resources/profiles/Qidi/filament/Q2/QIDI%20TPU-Aero%20@Q2.json
2026-08-25T16:58:26.730Z slicerprofiles ok TPU-GF (nozzle 240°C / bed 35°C) https://raw.githubusercontent.com/SoftFever/OrcaSlicer/main/resources/profiles/Qidi/filament/Q2/QIDI%20TPU-GF%20@Q2.json
2026-08-25T16:58:28.209Z slicerprofiles ok Other (nozzle 300°C / bed 80°C) https://raw.githubusercontent.com/SoftFever/OrcaSlicer/main/resources/profiles/Qidi/filament/Q2/QIDI%20UltraPA-CF25%20@Q2.json
2026-08-25T16:58:31.234Z slicerprofiles ok PLA Wood (nozzle 210°C / bed 60°C) https://raw.githubusercontent.com/SoftFever/OrcaSlicer/main/resources/profiles/Qidi/filament/Q2/QIDI%20WOOD%20Rapido%20@Q2.json
